( (test (n)
    (0 (ld r3 x)
       (ret r3) ) ) )