( (main (n)
    (0 (ld r1 x)
       (br r1 1 2) )
    (1 (add r3 r1 r1)
       (st x r3)
       (ld r4 x)
       (ret r4) )
    (2 (ld r5 n)
       (sub r7 r5 r5)
       (st n r7)
       (ld r8 n)
       (ret r8) ) ) )