( (branches (a)
    (0 (ld r1 a)
       (lc r2 0)
       (eq r3 r1 r2)
       (st c r3)
       (lc r4 0)
       (st b r4)
       (ld r5 c)
       (br r5 1 2) )
    (2 (lc r8 10)
       (add r9 r1 r8)
       (st b r9)
       (st b r11)
       (ld r12 b)
       (ret r12) )
    (3 (lc r14 100)
       (mul r15 r1 r14)
       (st b r15)
       (st b r17)
       (ld r18 b)
       (ret r18) ) ) )