( (test (n)
    (0 (ld r1 n)
       (lc r2 100)
       (eq r3 r2 r1)
       (st x r3)
       (ld r4 x)
       (br r4 1 2) )
    (1 (ld r5 tmp)
       (ret r5) )
    (2 (lc r7 1)
       (sub r8 r1 r7)
       (st tmp r9)
       (mul r13 r11 r1)
       (st tmp r13)
       (ld r14 tmp)
       (ret r14) ) ) )