( (branches (a)
    (0 (ld r1 a)
       (lc r2 0)
       (eq r3 r1 r2)
       (st c r3)
       (ld r4 c)
       (br r4 1 2) )
    (2 (lc r7 10)
       (add r8 r1 r7)
       (st b r8)
       (ld r9 b)
       (ret r9) )
    (3 (lc r11 100)
       (mul r12 r1 r11)
       (st b r12)
       (ld r13 b)
       (call r14 branches r13)
       (st b r14)
       (ld r15 b)
       (ret r15) ) ) )