( (branches (a)
    (0 (lc r1 3)
       (st a r1)
       (lc r2 5)
       (st b r2)
       (lc r3 4)
       (st d r3)
       (lc r4 100)
       (st x r4)
       (ld r5 a)
       (ld r6 b)
       (gt r7 r5 r6)
       (st a r7)
       (ld r8 a)
       (br r8 1 2) )
    (1 (add r11 r7 r2)
       (st c r11)
       (st d r12)
       (ld r13 d)
       (ret r13) )
    (2 (lc r14 4)
       (st c r14)
       (st b r19)
       (ld r20 b)
       (ret r20) ) ) )