(   (branches (a)
    (0 (ld r1 b)
       (lc r2 0)
       (eq r3 r1 r2)
       (st c r3)
       (ld r4 c)
       (br r4 1 3) )
    (1 (lc r6 10)
       (st c r6)
       (ld r7 c)
       (ret r7) )
    (3 (ld r10 a)
       (ret r10) ) ) )