( (unreachable (a)
    (0 (lc r1 2)
       (st x r1)
       (ld r2 x)
       (ret r2) ) ) )