( (test (n)
    (0 (ld r1 n)
       (lc r2 0)
       (eq r3 r1 r2)
       (st cond r3)
       (ld r4 cond)
       (br r4 1 3) )
    (1 (lc r5 1)
       (st tmp r5)
       (ld r6 tmp)
       (ret r6) )
    (3 (ld r15 n)
       (ret r15) )
    (4 (st r16 x)
       (ld r17 x)
       (ret r17) ) ) )